MPLINK 4.49, Linker
Linker Map File - Created Fri Jun 17 14:25:54 2016

                                 Section Info
                  Section       Type    Address   Location Size(Bytes)
                ---------  ---------  ---------  ---------  ---------
                   .org_0       code   0x000000    program   0x000000
                   .org_1       code   0x000000    program   0x000002
                   .org_2       code   0x000004    program   0x000084
     .config_2007_LAB10.O       code   0x002007    program   0x000002



                              Program Memory Usage 
                               Start         End      
                           ---------   ---------      
                            0x000000    0x000000      
                            0x000004    0x000045      
                            0x002007    0x002007      
            68 out of 8454 program addresses used, program memory utilization is 0%



                              Symbols - Sorted by Name
                     Name    Address   Location    Storage File                     
                ---------  ---------  ---------  --------- ---------                
                   Inicio   0x000005    program     static C:\Users\Matheus\Desktop\Lab10\Lab10.ASM
              Interrupcao   0x000004    program     static C:\Users\Matheus\Desktop\Lab10\Lab10.ASM
                LIMPA_RAM   0x000023    program     static C:\Users\Matheus\Desktop\Lab10\Lab10.ASM
                     MAIN   0x00002d    program     static C:\Users\Matheus\Desktop\Lab10\Lab10.ASM



                              Symbols - Sorted by Address
                     Name    Address   Location    Storage File                     
                ---------  ---------  ---------  --------- ---------                
              Interrupcao   0x000004    program     static C:\Users\Matheus\Desktop\Lab10\Lab10.ASM
                   Inicio   0x000005    program     static C:\Users\Matheus\Desktop\Lab10\Lab10.ASM
                LIMPA_RAM   0x000023    program     static C:\Users\Matheus\Desktop\Lab10\Lab10.ASM
                     MAIN   0x00002d    program     static C:\Users\Matheus\Desktop\Lab10\Lab10.ASM


