MPLINK 4.49, Linker
Linker Map File - Created Thu Mar 31 14:58:20 2016

                                 Section Info
                  Section       Type    Address   Location Size(Bytes)
                ---------  ---------  ---------  ---------  ---------
                   .org_0       code   0x000000    program   0x000000
                   .org_1       code   0x000000    program   0x000002
                   .org_2       code   0x000004    program   0x000066
       .config_2007_LED.O       code   0x002007    program   0x000002



                              Program Memory Usage 
                               Start         End      
                           ---------   ---------      
                            0x000000    0x000000      
                            0x000004    0x000036      
                            0x002007    0x002007      
            53 out of 8454 program addresses used, program memory utilization is 0%



                              Symbols - Sorted by Name
                     Name    Address   Location    Storage File                     
                ---------  ---------  ---------  --------- ---------                
                 DESLIGA1   0x00002b    program     static D:\Faculdade\Micro\Lab02\Lab02\LED.ASM
                 DESLIGA2   0x00002e    program     static D:\Faculdade\Micro\Lab02\Lab02\LED.ASM
                 DESLIGA3   0x000031    program     static D:\Faculdade\Micro\Lab02\Lab02\LED.ASM
                 DESLIGA4   0x000034    program     static D:\Faculdade\Micro\Lab02\Lab02\LED.ASM
              Interrupcao   0x000004    program     static D:\Faculdade\Micro\Lab02\Lab02\LED.ASM
                LIMPA_RAM   0x000014    program     static D:\Faculdade\Micro\Lab02\Lab02\LED.ASM
                     MAIN   0x00001a    program     static D:\Faculdade\Micro\Lab02\Lab02\LED.ASM
                    MAIN2   0x00001e    program     static D:\Faculdade\Micro\Lab02\Lab02\LED.ASM
                    MAIN3   0x000022    program     static D:\Faculdade\Micro\Lab02\Lab02\LED.ASM
                    MAIN4   0x000026    program     static D:\Faculdade\Micro\Lab02\Lab02\LED.ASM
                   inicio   0x000005    program     static D:\Faculdade\Micro\Lab02\Lab02\LED.ASM



                              Symbols - Sorted by Address
                     Name    Address   Location    Storage File                     
                ---------  ---------  ---------  --------- ---------                
              Interrupcao   0x000004    program     static D:\Faculdade\Micro\Lab02\Lab02\LED.ASM
                   inicio   0x000005    program     static D:\Faculdade\Micro\Lab02\Lab02\LED.ASM
                LIMPA_RAM   0x000014    program     static D:\Faculdade\Micro\Lab02\Lab02\LED.ASM
                     MAIN   0x00001a    program     static D:\Faculdade\Micro\Lab02\Lab02\LED.ASM
                    MAIN2   0x00001e    program     static D:\Faculdade\Micro\Lab02\Lab02\LED.ASM
                    MAIN3   0x000022    program     static D:\Faculdade\Micro\Lab02\Lab02\LED.ASM
                    MAIN4   0x000026    program     static D:\Faculdade\Micro\Lab02\Lab02\LED.ASM
                 DESLIGA1   0x00002b    program     static D:\Faculdade\Micro\Lab02\Lab02\LED.ASM
                 DESLIGA2   0x00002e    program     static D:\Faculdade\Micro\Lab02\Lab02\LED.ASM
                 DESLIGA3   0x000031    program     static D:\Faculdade\Micro\Lab02\Lab02\LED.ASM
                 DESLIGA4   0x000034    program     static D:\Faculdade\Micro\Lab02\Lab02\LED.ASM


