MPLINK 4.49, Linker
Linker Map File - Created Fri Apr 15 14:42:57 2016

                                 Section Info
                  Section       Type    Address   Location Size(Bytes)
                ---------  ---------  ---------  ---------  ---------
                   .org_0       code   0x000000    program   0x000000
                   .org_1       code   0x000000    program   0x000002
                   .org_2       code   0x000004    program   0x00004e
       .config_2007_LED.O       code   0x002007    program   0x000002



                              Program Memory Usage 
                               Start         End      
                           ---------   ---------      
                            0x000000    0x000000      
                            0x000004    0x00002a      
                            0x002007    0x002007      
            41 out of 8454 program addresses used, program memory utilization is 0%



                              Symbols - Sorted by Name
                     Name    Address   Location    Storage File                     
                ---------  ---------  ---------  --------- ---------                
                   Inicio   0x000005    program     static D:\Faculdade\Micro\Lab04\LED.ASM
              Interrupcao   0x000004    program     static D:\Faculdade\Micro\Lab04\LED.ASM
                LIMPA_RAM   0x000011    program     static D:\Faculdade\Micro\Lab04\LED.ASM
                    LOOP1   0x00001e    program     static D:\Faculdade\Micro\Lab04\LED.ASM
                    LOOP2   0x00001c    program     static D:\Faculdade\Micro\Lab04\LED.ASM
                    LOOP3   0x00001a    program     static D:\Faculdade\Micro\Lab04\LED.ASM
                     MAIN   0x000017    program     static D:\Faculdade\Micro\Lab04\LED.ASM



                              Symbols - Sorted by Address
                     Name    Address   Location    Storage File                     
                ---------  ---------  ---------  --------- ---------                
              Interrupcao   0x000004    program     static D:\Faculdade\Micro\Lab04\LED.ASM
                   Inicio   0x000005    program     static D:\Faculdade\Micro\Lab04\LED.ASM
                LIMPA_RAM   0x000011    program     static D:\Faculdade\Micro\Lab04\LED.ASM
                     MAIN   0x000017    program     static D:\Faculdade\Micro\Lab04\LED.ASM
                    LOOP3   0x00001a    program     static D:\Faculdade\Micro\Lab04\LED.ASM
                    LOOP2   0x00001c    program     static D:\Faculdade\Micro\Lab04\LED.ASM
                    LOOP1   0x00001e    program     static D:\Faculdade\Micro\Lab04\LED.ASM


