MPLINK 4.49, Linker
Linker Map File - Created Fri Jul 01 08:23:03 2016

                                 Section Info
                  Section       Type    Address   Location Size(Bytes)
                ---------  ---------  ---------  ---------  ---------
                   .org_0       code   0x000000    program   0x000000
                   .org_1       code   0x000000    program   0x000002
                   .org_2       code   0x000004    program   0x000058
     .config_2007_LAB12.O       code   0x002007    program   0x000002



                              Program Memory Usage 
                               Start         End      
                           ---------   ---------      
                            0x000000    0x000000      
                            0x000004    0x00002f      
                            0x002007    0x002007      
            46 out of 8454 program addresses used, program memory utilization is 0%



                              Symbols - Sorted by Name
                     Name    Address   Location    Storage File                     
                ---------  ---------  ---------  --------- ---------                
                   Inicio   0x000005    program     static D:\Faculdade\Micro\Lab12\Lab12.ASM
              Interrupcao   0x000004    program     static D:\Faculdade\Micro\Lab12\Lab12.ASM
                LIMPA_RAM   0x00001b    program     static D:\Faculdade\Micro\Lab12\Lab12.ASM
                     MAIN   0x000021    program     static D:\Faculdade\Micro\Lab12\Lab12.ASM
             TRANSMITINDO   0x00002a    program     static D:\Faculdade\Micro\Lab12\Lab12.ASM



                              Symbols - Sorted by Address
                     Name    Address   Location    Storage File                     
                ---------  ---------  ---------  --------- ---------                
              Interrupcao   0x000004    program     static D:\Faculdade\Micro\Lab12\Lab12.ASM
                   Inicio   0x000005    program     static D:\Faculdade\Micro\Lab12\Lab12.ASM
                LIMPA_RAM   0x00001b    program     static D:\Faculdade\Micro\Lab12\Lab12.ASM
                     MAIN   0x000021    program     static D:\Faculdade\Micro\Lab12\Lab12.ASM
             TRANSMITINDO   0x00002a    program     static D:\Faculdade\Micro\Lab12\Lab12.ASM


