MPLINK 4.49, Linker
Linker Map File - Created Thu May 12 14:50:08 2016

                                 Section Info
                  Section       Type    Address   Location Size(Bytes)
                ---------  ---------  ---------  ---------  ---------
                   .org_0       code   0x000000    program   0x000000
                   .org_1       code   0x000000    program   0x000002
                   .org_2       code   0x000004    program   0x0001b2
.config_2007_CRONOMETROLCD.O       code   0x002007    program   0x000002



                              Program Memory Usage 
                               Start         End      
                           ---------   ---------      
                            0x000000    0x000000      
                            0x000004    0x0000dc      
                            0x002007    0x002007      
            219 out of 8454 program addresses used, program memory utilization is 2%



                              Symbols - Sorted by Name
                     Name    Address   Location    Storage File                     
                ---------  ---------  ---------  --------- ---------                
                     AQUI   0x0000ae    program     static C:\Users\Matheus\Desktop\Lab06\CronometroLCD.ASM
            ATUALIZA_CRON   0x000090    program     static C:\Users\Matheus\Desktop\Lab06\CronometroLCD.ASM
            ATUALIZA_DISP   0x0000b0    program     static C:\Users\Matheus\Desktop\Lab06\CronometroLCD.ASM
                     COME   0x000012    program     static C:\Users\Matheus\Desktop\Lab06\CronometroLCD.ASM
                  DELAY_1   0x000053    program     static C:\Users\Matheus\Desktop\Lab06\CronometroLCD.ASM
                 DELAY_MS   0x000050    program     static C:\Users\Matheus\Desktop\Lab06\CronometroLCD.ASM
                  ESCREVE   0x000059    program     static C:\Users\Matheus\Desktop\Lab06\CronometroLCD.ASM
           INICIALIZA_LCD   0x000035    program     static C:\Users\Matheus\Desktop\Lab06\CronometroLCD.ASM
                   Inicio   0x000017    program     static C:\Users\Matheus\Desktop\Lab06\CronometroLCD.ASM
              Interrupcao   0x000004    program     static C:\Users\Matheus\Desktop\Lab06\CronometroLCD.ASM
               LE_TECLADO   0x00006f    program     static C:\Users\Matheus\Desktop\Lab06\CronometroLCD.ASM
                LIMPA_RAM   0x00002f    program     static C:\Users\Matheus\Desktop\Lab06\CronometroLCD.ASM
                     MAIN   0x000062    program     static C:\Users\Matheus\Desktop\Lab06\CronometroLCD.ASM
               RESET_CRON   0x000083    program     static C:\Users\Matheus\Desktop\Lab06\CronometroLCD.ASM
               START_CRON   0x00007f    program     static C:\Users\Matheus\Desktop\Lab06\CronometroLCD.ASM
                STOP_CRON   0x00008c    program     static C:\Users\Matheus\Desktop\Lab06\CronometroLCD.ASM



                              Symbols - Sorted by Address
                     Name    Address   Location    Storage File                     
                ---------  ---------  ---------  --------- ---------                
              Interrupcao   0x000004    program     static C:\Users\Matheus\Desktop\Lab06\CronometroLCD.ASM
                     COME   0x000012    program     static C:\Users\Matheus\Desktop\Lab06\CronometroLCD.ASM
                   Inicio   0x000017    program     static C:\Users\Matheus\Desktop\Lab06\CronometroLCD.ASM
                LIMPA_RAM   0x00002f    program     static C:\Users\Matheus\Desktop\Lab06\CronometroLCD.ASM
           INICIALIZA_LCD   0x000035    program     static C:\Users\Matheus\Desktop\Lab06\CronometroLCD.ASM
                 DELAY_MS   0x000050    program     static C:\Users\Matheus\Desktop\Lab06\CronometroLCD.ASM
                  DELAY_1   0x000053    program     static C:\Users\Matheus\Desktop\Lab06\CronometroLCD.ASM
                  ESCREVE   0x000059    program     static C:\Users\Matheus\Desktop\Lab06\CronometroLCD.ASM
                     MAIN   0x000062    program     static C:\Users\Matheus\Desktop\Lab06\CronometroLCD.ASM
               LE_TECLADO   0x00006f    program     static C:\Users\Matheus\Desktop\Lab06\CronometroLCD.ASM
               START_CRON   0x00007f    program     static C:\Users\Matheus\Desktop\Lab06\CronometroLCD.ASM
               RESET_CRON   0x000083    program     static C:\Users\Matheus\Desktop\Lab06\CronometroLCD.ASM
                STOP_CRON   0x00008c    program     static C:\Users\Matheus\Desktop\Lab06\CronometroLCD.ASM
            ATUALIZA_CRON   0x000090    program     static C:\Users\Matheus\Desktop\Lab06\CronometroLCD.ASM
                     AQUI   0x0000ae    program     static C:\Users\Matheus\Desktop\Lab06\CronometroLCD.ASM
            ATUALIZA_DISP   0x0000b0    program     static C:\Users\Matheus\Desktop\Lab06\CronometroLCD.ASM


